// Jest Snapshot v1, https://goo.gl/fbAQLP

exports[`matches previous snapshot 1`] = `
<View
  style={
    {
      "alignItems": "center",
      "borderTopColor": "#ddd",
      "borderTopWidth": 1,
      "flexDirection": "row",
      "padding": 12,
    }
  }
>
  <TextInput
    style={
      {
        "backgroundColor": "#fff",
        "borderRadius": 12,
        "flex": 1,
        "marginRight": 8,
        "paddingHorizontal": 12,
        "paddingVertical": 12,
      }
    }
  />
  <View
    accessibilityRole="button"
    accessibilityState={
      {
        "busy": undefined,
        "checked": undefined,
        "disabled": undefined,
        "expanded": undefined,
        "selected": undefined,
      }
    }
    accessibilityValue={
      {
        "max": undefined,
        "min": undefined,
        "now": undefined,
        "text": undefined,
      }
    }
    accessible={true}
    collapsable={false}
    focusable={true}
    onClick={[Function]}
    onResponderGrant={[Function]}
    onResponderMove={[Function]}
    onResponderRelease={[Function]}
    onResponderTerminate={[Function]}
    onResponderTerminationRequest={[Function]}
    onStartShouldSetResponder={[Function]}
    style={
      {
        "opacity": 1,
      }
    }
    testID="enter button"
  >
    <View
      style={
        [
          {},
        ]
      }
    >
      <Text
        style={
          [
            {
              "color": "#007AFF",
              "fontSize": 18,
              "margin": 8,
              "textAlign": "center",
            },
          ]
        }
      >
        title
      </Text>
    </View>
  </View>
</View>
`;
