// Jest Snapshot v1, https://goo.gl/fbAQLP

exports[`matches previous snapshot 1`] = `
<View
  style={
    {
      "alignItems": "center",
      "backgroundColor": "#fff",
      "borderRadius": 12,
      "flexDirection": "row",
      "margin": 12,
      "paddingHorizontal": 12,
      "paddingVertical": 8,
    }
  }
>
  <Text
    onPress={[MockFunction]}
    style={
      {
        "backgroundColor": "#fff",
        "flex": 1,
        "fontSize": 16,
        "fontWeight": "600",
      }
    }
    testID="title"
  >
    title
  </Text>
  <View
    accessibilityRole="button"
    accessibilityState={
      {
        "busy": undefined,
        "checked": undefined,
        "disabled": undefined,
        "expanded": undefined,
        "selected": undefined,
      }
    }
    accessibilityValue={
      {
        "max": undefined,
        "min": undefined,
        "now": undefined,
        "text": undefined,
      }
    }
    accessible={true}
    collapsable={false}
    focusable={true}
    onClick={[Function]}
    onResponderGrant={[Function]}
    onResponderMove={[Function]}
    onResponderRelease={[Function]}
    onResponderTerminate={[Function]}
    onResponderTerminationRequest={[Function]}
    onStartShouldSetResponder={[Function]}
    style={
      {
        "opacity": 1,
      }
    }
    testID="remove button"
  >
    <View
      style={
        [
          {},
        ]
      }
    >
      <Text
        style={
          [
            {
              "color": "#007AFF",
              "fontSize": 18,
              "margin": 8,
              "textAlign": "center",
            },
          ]
        }
      >
        Remove
      </Text>
    </View>
  </View>
</View>
`;
